[INFO] [launch]: All log files can be found below /root/.ros/log/2026-08-18-02-35-33-884503-ubuntu-1
[INFO] [launch]: Default logging verbosity is set to INFO
[INFO] [realsense2_camera_node-1]: process started with pid [62]
[realsense2_camera_node-1] [0m[INFO] [1787020534.482073632] [camera.camera]: RealSense ROS v4.54.1[0m
[realsense2_camera_node-1] [0m[INFO] [1787020534.482361344] [camera.camera]: Built with LibRealSense v2.54.2[0m
[realsense2_camera_node-1] [0m[INFO] [1787020534.482401408] [camera.camera]: Running with LibRealSense v2.54.2[0m
[realsense2_camera_node-1] [0m[INFO] [1787020535.090269312] [camera.camera]: Device with serial number 261222077990 was found.
[realsense2_camera_node-1] [0m
[realsense2_camera_node-1] [0m[INFO] [1787020535.090543648] [camera.camera]: Device with physical ID 2-3.2-3 was found.[0m
[realsense2_camera_node-1] [0m[INFO] [1787020535.090572128] [camera.camera]: Device with name Intel RealSense D435I was found.[0m
[realsense2_camera_node-1] [0m[INFO] [1787020535.091256192] [camera.camera]: Device with port number 2-3.2 was found.[0m
[realsense2_camera_node-1] [0m[INFO] [1787020535.091304448] [camera.camera]: Device USB type: 3.2[0m
[realsense2_camera_node-1] [0m[INFO] [1787020535.091331328] [camera.camera]: Resetting device...[0m
[realsense2_camera_node-1] [0m[INFO] [1787020543.100641408] [camera.camera]: Device with serial number 261222077990 was found.
[realsense2_camera_node-1] [0m
[realsense2_camera_node-1] [0m[INFO] [1787020543.100937152] [camera.camera]: Device with physical ID 2-3.2-3 was found.[0m
[realsense2_camera_node-1] [0m[INFO] [1787020543.100982560] [camera.camera]: Device with name Intel RealSense D435I was found.[0m
[realsense2_camera_node-1] [0m[INFO] [1787020543.101544928] [camera.camera]: Device with port number 2-3.2 was found.[0m
[realsense2_camera_node-1] [0m[INFO] [1787020543.101595072] [camera.camera]: Device USB type: 3.2[0m
[realsense2_camera_node-1] [0m[INFO] [1787020543.103426848] [camera.camera]: getParameters...[0m
[realsense2_camera_node-1] [0m[INFO] [1787020543.105086688] [camera.camera]: JSON file is not provided[0m
[realsense2_camera_node-1] [0m[INFO] [1787020543.105216704] [camera.camera]: Device Name: Intel RealSense D435I[0m
[realsense2_camera_node-1] [0m[INFO] [1787020543.105264064] [camera.camera]: Device Serial No: 261222077990[0m
[realsense2_camera_node-1] [0m[INFO] [1787020543.105295392] [camera.camera]: Device physical port: 2-3.2-3[0m
[realsense2_camera_node-1] [0m[INFO] [1787020543.105319392] [camera.camera]: Device FW version: 5.15.1.55[0m
[realsense2_camera_node-1] [0m[INFO] [1787020543.105346496] [camera.camera]: Device Product ID: 0x0B3A[0m
[realsense2_camera_node-1] [0m[INFO] [1787020543.105371840] [camera.camera]: Sync Mode: Off[0m
