[INFO] [launch]: All log files can be found below /root/.ros/log/2026-08-18-02-35-33-884503-ubuntu-1
[INFO] [launch]: Default logging verbosity is set to INFO
[INFO] [realsense2_camera_node-1]: process started with pid [62]
[realsense2_camera_node-1] [0m[INFO] [1787020534.482073632] [camera.camera]: RealSense ROS v4.54.1[0m
[realsense2_camera_node-1] [0m[INFO] [1787020534.482361344] [camera.camera]: Built with LibRealSense v2.54.2[0m
[realsense2_camera_node-1] [0m[INFO] [1787020534.482401408] [camera.camera]: Running with LibRealSense v2.54.2[0m
[realsense2_camera_node-1] [0m[INFO] [1787020535.090269312] [camera.camera]: Device with serial number 261222077990 was found.
[realsense2_camera_node-1] [0m
[realsense2_camera_node-1] [0m[INFO] [1787020535.090543648] [camera.camera]: Device with physical ID 2-3.2-3 was found.[0m
[realsense2_camera_node-1] [0m[INFO] [1787020535.090572128] [camera.camera]: Device with name Intel RealSense D435I was found.[0m
[realsense2_camera_node-1] [0m[INFO] [1787020535.091256192] [camera.camera]: Device with port number 2-3.2 was found.[0m
[realsense2_camera_node-1] [0m[INFO] [1787020535.091304448] [camera.camera]: Device USB type: 3.2[0m
[realsense2_camera_node-1] [0m[INFO] [1787020535.091331328] [camera.camera]: Resetting device...[0m
[realsense2_camera_node-1] [0m[INFO] [1787020543.100641408] [camera.camera]: Device with serial number 261222077990 was found.
[realsense2_camera_node-1] [0m
[realsense2_camera_node-1] [0m[INFO] [1787020543.100937152] [camera.camera]: Device with physical ID 2-3.2-3 was found.[0m
[realsense2_camera_node-1] [0m[INFO] [1787020543.100982560] [camera.camera]: Device with name Intel RealSense D435I was found.[0m
[realsense2_camera_node-1] [0m[INFO] [1787020543.101544928] [camera.camera]: Device with port number 2-3.2 was found.[0m
[realsense2_camera_node-1] [0m[INFO] [1787020543.101595072] [camera.camera]: Device USB type: 3.2[0m
[realsense2_camera_node-1] [0m[INFO] [1787020543.103426848] [camera.camera]: getParameters...[0m
[realsense2_camera_node-1] [0m[INFO] [1787020543.105086688] [camera.camera]: JSON file is not provided[0m
[realsense2_camera_node-1] [0m[INFO] [1787020543.105216704] [camera.camera]: Device Name: Intel RealSense D435I[0m
[realsense2_camera_node-1] [0m[INFO] [1787020543.105264064] [camera.camera]: Device Serial No: 261222077990[0m
[realsense2_camera_node-1] [0m[INFO] [1787020543.105295392] [camera.camera]: Device physical port: 2-3.2-3[0m
[realsense2_camera_node-1] [0m[INFO] [1787020543.105319392] [camera.camera]: Device FW version: 5.15.1.55[0m
[realsense2_camera_node-1] [0m[INFO] [1787020543.105346496] [camera.camera]: Device Product ID: 0x0B3A[0m
[realsense2_camera_node-1] [0m[INFO] [1787020543.105371840] [camera.camera]: Sync Mode: Off[0m
[realsense2_camera_node-1] [0m[INFO] [1787020547.040173568] [camera.camera]: Set ROS param rgb_camera.profile to default: 1280x720x30[0m
[realsense2_camera_node-1] [33m[WARN] [1787020547.041970848] [camera.camera]: re-enable the stream for the change to take effect.[0m
[realsense2_camera_node-1] [0m[INFO] [1787020547.061625600] [camera.camera]: Stopping Sensor: Depth Module[0m
[realsense2_camera_node-1] [0m[INFO] [1787020547.321048384] [camera.camera]: Starting Sensor: Depth Module[0m
[realsense2_camera_node-1]  18/08 02:35:47,426 WARNING [281472359459120] (messenger-libusb.cpp:42) control_transfer returned error, index: 768, error: Resource temporarily unavailable, number: 11
[realsense2_camera_node-1]  18/08 02:35:47,436 WARNING [281472359459120] (messenger-libusb.cpp:42) control_transfer returned error, index: 768, error: Resource temporarily unavailable, number: 11
[realsense2_camera_node-1] [0m[INFO] [1787020547.448136224] [camera.camera]: Open profile: stream_type: Infra(1), Format: Y8, Width: 848, Height: 480, FPS: 30[0m
[realsense2_camera_node-1] [0m[INFO] [1787020547.448417568] [camera.camera]: Open profile: stream_type: Infra(2), Format: Y8, Width: 848, Height: 480, FPS: 30[0m
[realsense2_camera_node-1] [0m[INFO] [1787020547.448660608] [camera.camera]: Stopping Sensor: Motion Module[0m
[realsense2_camera_node-1]  18/08 02:35:47,453 WARNING [281472729954608] (ds-calib-parsers.cpp:41) IMU Calibration is not available, default intrinsic and extrinsic will be used.
[realsense2_camera_node-1] [0m[INFO] [1787020547.457567424] [camera.camera]: Starting Sensor: Motion Module[0m
[realsense2_camera_node-1] [0m[INFO] [1787020547.478475232] [camera.camera]: Open profile: stream_type: Accel(0)Format: MOTION_XYZ32F, FPS: 200[0m
[realsense2_camera_node-1] [0m[INFO] [1787020547.478733152] [camera.camera]: Open profile: stream_type: Gyro(0)Format: MOTION_XYZ32F, FPS: 200[0m
[realsense2_camera_node-1] [0m[INFO] [1787020547.487252032] [camera.camera]: RealSense Node Is Up![0m
[realsense2_camera_node-1] [33m[WARN] [1787020547.506277760] [camera.camera]: [0m
[realsense2_camera_node-1]  18/08 02:35:48,872 WARNING [281472359459120] (messenger-libusb.cpp:42) control_transfer returned error, index: 768, error: Resource temporarily unavailable, number: 11
[realsense2_camera_node-1]  18/08 02:37:23,117 WARNING [281472359459120] (messenger-libusb.cpp:42) control_transfer returned error, index: 768, error: Resource temporarily unavailable, number: 11
[realsense2_camera_node-1]  18/08 02:37:23,128 WARNING [281472359459120] (messenger-libusb.cpp:42) control_transfer returned error, index: 768, error: Resource temporarily unavailable, number: 11
